[pages.revox.io/dashboard/3.0.0/html/condensed/index.html]
[backblue.gif]
[fade.gif]
[index.html]
[pages.revox.io/cdn-cgi/apps/head/vAzQ3pO_LVF9Y_-CSxLP87NslSA.js]
[pages.revox.io/dashboard/3.0.0/html/condensed/pages/ico/60.png]
[pages.revox.io/dashboard/3.0.0/html/condensed/pages/ico/76.png]
[pages.revox.io/dashboard/3.0.0/html/condensed/pages/ico/120.png]
[pages.revox.io/dashboard/3.0.0/html/condensed/pages/ico/152.png]
[pages.revox.io/dashboard/3.0.0/html/condensed/favicon.ico]
[pages.revox.io/dashboard/3.0.0/html/condensed/assets/plugins/pace/pace-theme-flash.css]
[pages.revox.io/dashboard/3.0.0/html/condensed/assets/plugins/bootstrap/css/bootstrap.min.css]
[pages.revox.io/dashboard/3.0.0/html/condensed/assets/plugins/font-awesome/css/font-awesome.css]
[pages.revox.io/dashboard/3.0.0/html/condensed/assets/plugins/jquery-scrollbar/jquery.scrollbar.css]
[pages.revox.io/dashboard/3.0.0/html/condensed/assets/plugins/select2/css/select2.min.css]
[pages.revox.io/dashboard/3.0.0/html/condensed/assets/plugins/switchery/css/switchery.min.css]
[pages.revox.io/dashboard/3.0.0/html/condensed/assets/plugins/nvd3/nv.d3.min.css]
[pages.revox.io/dashboard/3.0.0/html/condensed/assets/plugins/mapplic/css/mapplic.css]
[pages.revox.io/dashboard/3.0.0/html/condensed/assets/plugins/rickshaw/rickshaw.min.css]
[pages.revox.io/dashboard/3.0.0/html/condensed/assets/plugins/bootstrap-datepicker/css/datepicker3.css]
[pages.revox.io/dashboard/3.0.0/html/condensed/assets/plugins/jquery-metrojs/MetroJs.css]
[pages.revox.io/dashboard/3.0.0/html/condensed/pages/css/pages-icons.css]
[pages.revox.io/dashboard/3.0.0/html/condensed/pages/css/pages.css]
[pages.revox.io/dashboard/3.0.0/html/condensed/assets/img/demo/social_app.svg]
[pages.revox.io/dashboard/3.0.0/html/condensed/assets/img/demo/email_app.svg]
[pages.revox.io/dashboard/3.0.0/html/condensed/assets/img/demo/calendar_app.svg]
[pages.revox.io/dashboard/3.0.0/html/condensed/assets/img/demo/add_more.svg]
[pages.revox.io/dashboard/3.0.0/html/condensed/assets/img/logo_white.png]
[pages.revox.io/dashboard/3.0.0/html/condensed/email.html]
[pages.revox.io/dashboard/3.0.0/html/condensed/social.html]
[pages.revox.io/dashboard/3.0.0/html/condensed/calendar.html]
[pages.revox.io/dashboard/3.0.0/html/condensed/calendar_lang.html]
[pages.revox.io/dashboard/3.0.0/html/condensed/calendar_month.html]
[pages.revox.io/dashboard/3.0.0/html/condensed/calendar_lazy.html]
[pages.revox.io/dashboard/3.0.0/html/condensed/builder.html]
[pages.revox.io/dashboard/3.0.0/html/condensed/default_layout.html]
[pages.revox.io/dashboard/3.0.0/html/condensed/secondary_layout.html]
[pages.revox.io/dashboard/3.0.0/html/condensed/boxed_layout.html]
[pages.revox.io/dashboard/3.0.0/html/condensed/rtl_layout.html]
[pages.revox.io/dashboard/3.0.0/html/condensed/color.html]
[pages.revox.io/dashboard/3.0.0/html/condensed/typography.html]
[pages.revox.io/dashboard/3.0.0/html/condensed/icons.html]
[pages.revox.io/dashboard/3.0.0/html/condensed/buttons.html]
[pages.revox.io/dashboard/3.0.0/html/condensed/notifications.html]
[pages.revox.io/dashboard/3.0.0/html/condensed/modals.html]
[pages.revox.io/dashboard/3.0.0/html/condensed/progress.html]
[pages.revox.io/dashboard/3.0.0/html/condensed/tabs_accordian.html]
[pages.revox.io/dashboard/3.0.0/html/condensed/sliders.html]
[pages.revox.io/dashboard/3.0.0/html/condensed/tree_view.html]
[pages.revox.io/dashboard/3.0.0/html/condensed/nestables.html]
[pages.revox.io/dashboard/3.0.0/html/condensed/form_elements.html]
[pages.revox.io/dashboard/3.0.0/html/condensed/form_layouts.html]
[pages.revox.io/dashboard/3.0.0/html/condensed/form_wizard.html]
[pages.revox.io/dashboard/3.0.0/html/condensed/cards.html]
[pages.revox.io/dashboard/3.0.0/html/condensed/views.html]
[pages.revox.io/dashboard/3.0.0/html/condensed/tables.html]
[pages.revox.io/dashboard/3.0.0/html/condensed/datatables.html]
[pages.revox.io/dashboard/3.0.0/html/condensed/google_map.html]
[pages.revox.io/dashboard/3.0.0/html/condensed/vector_map.html]
[pages.revox.io/dashboard/3.0.0/html/condensed/charts.html]
[pages.revox.io/dashboard/3.0.0/html/condensed/404.html]
[pages.revox.io/dashboard/3.0.0/html/condensed/invoice.html]
[pages.revox.io/dashboard/3.0.0/html/condensed/500.html]
[pages.revox.io/dashboard/3.0.0/html/condensed/blank_template.html]
[pages.revox.io/dashboard/3.0.0/html/condensed/login.html]
[pages.revox.io/dashboard/3.0.0/html/condensed/register.html]
[pages.revox.io/dashboard/3.0.0/html/condensed/lock_screen.html]
[pages.revox.io/dashboard/3.0.0/html/condensed/gallery.html]
[pages.revox.io/dashboard/3.0.0/html/condensed/assets/img/logo.png]
[pages.revox.io/dashboard/3.0.0/html/condensed/timeline.html]
[pages.revox.io/dashboard/3.0.0/html/condensed/assets/img/profiles/1.jpg]
[pages.revox.io/dashboard/3.0.0/html/condensed/assets/img/profiles/avatar.jpg]
[pages.revox.io/dashboard/3.0.0/html/condensed/assets/img/profiles/3x.jpg]
[pages.revox.io/dashboard/3.0.0/html/condensed/assets/img/social-post-image.png]
[pages.revox.io/dashboard/3.0.0/html/condensed/assets/img/profiles/1x.jpg]
[pages.revox.io/dashboard/3.0.0/html/condensed/assets/img/profiles/2x.jpg]
[pages.revox.io/dashboard/3.0.0/html/condensed/assets/img/profiles/4x.jpg]
[pages.revox.io/dashboard/3.0.0/html/condensed/assets/img/profiles/5x.jpg]
[pages.revox.io/dashboard/3.0.0/html/condensed/assets/img/profiles/6x.jpg]
[pages.revox.io/dashboard/3.0.0/html/condensed/assets/img/profiles/7x.jpg]
[pages.revox.io/dashboard/3.0.0/html/condensed/assets/img/profiles/8x.jpg]
[pages.revox.io/dashboard/3.0.0/html/condensed/assets/img/profiles/9x.jpg]
[pages.revox.io/dashboard/3.0.0/html/condensed/assets/img/profiles/avatar_small.jpg]
[pages.revox.io/dashboard/3.0.0/html/condensed/assets/img/profiles/avatar_small2x.jpg]
[pages.revox.io/dashboard/3.0.0/html/condensed/assets/img/demo/menu_divided_con.png]
[pages.revox.io/dashboard/3.0.0/html/condensed/assets/img/demo/full_header_con.png]
[pages.revox.io/dashboard/3.0.0/html/condensed/assets/img/demo/theme_default.png]
[pages.revox.io/dashboard/3.0.0/html/condensed/assets/img/demo/theme_corporate.png]
[pages.revox.io/dashboard/3.0.0/html/condensed/assets/img/demo/theme_retro.png]
[pages.revox.io/dashboard/3.0.0/html/condensed/assets/img/demo/theme_unlax.png]
[pages.revox.io/dashboard/3.0.0/html/condensed/assets/img/demo/theme_vibes.png]
[pages.revox.io/dashboard/3.0.0/html/condensed/assets/img/demo/theme_abstract.png]
[pages.revox.io/dashboard/3.0.0/html/condensed/assets/plugins/pace/pace.min.js]
[pages.revox.io/dashboard/3.0.0/html/condensed/assets/plugins/jquery/jquery-1.11.1.min.js]
[pages.revox.io/dashboard/3.0.0/html/condensed/assets/plugins/modernizr.custom.js]
[pages.revox.io/dashboard/3.0.0/html/condensed/assets/plugins/jquery-ui/jquery-ui.min.js]
[pages.revox.io/dashboard/3.0.0/html/condensed/assets/plugins/tether/js/tether.min.js]
[pages.revox.io/dashboard/3.0.0/html/condensed/assets/plugins/bootstrap/js/bootstrap.min.js]
[pages.revox.io/dashboard/3.0.0/html/condensed/assets/plugins/jquery/jquery-easy.js]
[pages.revox.io/dashboard/3.0.0/html/condensed/assets/plugins/jquery-unveil/jquery.unveil.min.js]
[pages.revox.io/dashboard/3.0.0/html/condensed/assets/plugins/jquery-ios-list/jquery.ioslist.min.js]
[pages.revox.io/dashboard/3.0.0/html/condensed/assets/plugins/jquery-actual/jquery.actual.min.js]
[pages.revox.io/dashboard/3.0.0/html/condensed/assets/plugins/jquery-scrollbar/jquery.scrollbar.min.js]
[pages.revox.io/dashboard/3.0.0/html/condensed/assets/plugins/select2/js/select2.full.min.js]
[pages.revox.io/dashboard/3.0.0/html/condensed/assets/plugins/classie/classie.js]
[pages.revox.io/dashboard/3.0.0/html/condensed/assets/plugins/switchery/js/switchery.min.js]
[pages.revox.io/dashboard/3.0.0/html/condensed/assets/plugins/nvd3/lib/d3.v3.js]
[pages.revox.io/dashboard/3.0.0/html/condensed/assets/plugins/nvd3/nv.d3.min.js]
[pages.revox.io/dashboard/3.0.0/html/condensed/assets/plugins/nvd3/src/utils.js]
[pages.revox.io/dashboard/3.0.0/html/condensed/assets/plugins/nvd3/src/tooltip.js]
[pages.revox.io/dashboard/3.0.0/html/condensed/assets/plugins/nvd3/src/interactiveLayer.js]
[pages.revox.io/dashboard/3.0.0/html/condensed/assets/plugins/nvd3/src/models/axis.js]
[pages.revox.io/dashboard/3.0.0/html/condensed/assets/plugins/nvd3/src/models/line.js]
[pages.revox.io/dashboard/3.0.0/html/condensed/assets/plugins/nvd3/src/models/lineWithFocusChart.js]
[pages.revox.io/dashboard/3.0.0/html/condensed/assets/plugins/mapplic/js/hammer.js]
[pages.revox.io/dashboard/3.0.0/html/condensed/assets/plugins/mapplic/js/jquery.mousewheel.js]
[pages.revox.io/dashboard/3.0.0/html/condensed/assets/plugins/mapplic/js/mapplic.js]
[pages.revox.io/dashboard/3.0.0/html/condensed/assets/plugins/rickshaw/rickshaw.min.js]
[pages.revox.io/dashboard/3.0.0/html/condensed/assets/plugins/jquery-metrojs/MetroJs.min.js]
[pages.revox.io/dashboard/3.0.0/html/condensed/assets/plugins/jquery-sparkline/jquery.sparkline.min.js]
[pages.revox.io/dashboard/3.0.0/html/condensed/assets/plugins/skycons/skycons.js]
[pages.revox.io/dashboard/3.0.0/html/condensed/assets/plugins/bootstrap-datepicker/js/bootstrap-datepicker.js]
[pages.revox.io/dashboard/3.0.0/html/condensed/pages/js/pages.min.js]
[pages.revox.io/dashboard/3.0.0/html/condensed/assets/js/dashboard.js]
[pages.revox.io/dashboard/3.0.0/html/condensed/assets/js/scripts.js]
[pages.revox.io/dashboard/3.0.0/html/condensed/assets/js/demo.js]
[widget.intercom.io/widget/xt5z6ibr.7c.delayed]
[js.intercomcdn.com/shim.57435126.js]
[pages.revox.io/dashboard/3.0.0/html/condensed/index.html]
[pages.revox.io/dashboard/3.0.0/html/condensed/assets/plugins/pace/pace-theme-flash.css]
[pages.revox.io/dashboard/3.0.0/html/condensed/assets/plugins/bootstrap/css/bootstrap.min.css]
[pages.revox.io/dashboard/3.0.0/html/condensed/assets/plugins/font-awesome/fonts/fontawesome-webfont3e6e.eot]
[pages.revox.io/dashboard/3.0.0/html/condensed/assets/plugins/font-awesome/fonts/fontawesome-webfontd41d.eot]
[pages.revox.io/dashboard/3.0.0/html/condensed/assets/plugins/font-awesome/fonts/fontawesome-webfont3e6e.woff2]
[pages.revox.io/dashboard/3.0.0/html/condensed/assets/plugins/font-awesome/fonts/fontawesome-webfont3e6e.woff]
[pages.revox.io/dashboard/3.0.0/html/condensed/assets/plugins/font-awesome/fonts/fontawesome-webfont3e6e.ttf]
[pages.revox.io/dashboard/3.0.0/html/condensed/assets/plugins/font-awesome/fonts/fontawesome-webfont3e6e.svg]
[pages.revox.io/dashboard/3.0.0/html/condensed/assets/plugins/font-awesome/css/font-awesome.css]
[pages.revox.io/dashboard/3.0.0/html/condensed/assets/plugins/jquery-scrollbar/jquery.scrollbar.css]
[pages.revox.io/dashboard/3.0.0/html/condensed/assets/plugins/select2/css/select2.min.css]
[pages.revox.io/dashboard/3.0.0/html/condensed/assets/plugins/switchery/css/switchery.min.css]
[pages.revox.io/dashboard/3.0.0/html/condensed/assets/plugins/nvd3/nv.d3.min.css]
[pages.revox.io/dashboard/3.0.0/html/condensed/assets/plugins/mapplic/css/images/fullscreen-exit.png]
[pages.revox.io/dashboard/3.0.0/html/condensed/assets/plugins/mapplic/css/images/loader.gif]
[pages.revox.io/dashboard/3.0.0/html/condensed/assets/plugins/mapplic/css/images/openhand.cur]
[pages.revox.io/dashboard/3.0.0/html/condensed/assets/plugins/mapplic/css/images/closedhand.cur]
[pages.revox.io/dashboard/3.0.0/html/condensed/assets/plugins/mapplic/css/images/pin-red.png]
[pages.revox.io/dashboard/3.0.0/html/condensed/assets/plugins/mapplic/css/images/pin-orange.png]
[pages.revox.io/dashboard/3.0.0/html/condensed/assets/plugins/mapplic/css/images/pin-green.png]
[pages.revox.io/dashboard/3.0.0/html/condensed/assets/plugins/mapplic/css/images/pin-blue.png]
[pages.revox.io/dashboard/3.0.0/html/condensed/assets/plugins/mapplic/css/images/pin-purple.png]
[pages.revox.io/dashboard/3.0.0/html/condensed/assets/plugins/mapplic/css/images/target.png]
[pages.revox.io/dashboard/3.0.0/html/condensed/assets/plugins/mapplic/css/images/fullscreen.png]
[pages.revox.io/dashboard/3.0.0/html/condensed/assets/plugins/mapplic/css/images/arrow-up.png]
[pages.revox.io/dashboard/3.0.0/html/condensed/assets/plugins/mapplic/css/images/arrow-down.png]
[pages.revox.io/dashboard/3.0.0/html/condensed/assets/plugins/mapplic/css/images/viewer.png]
[pages.revox.io/dashboard/3.0.0/html/condensed/assets/plugins/mapplic/css/images/cross.png]
[pages.revox.io/dashboard/3.0.0/html/condensed/assets/plugins/mapplic/css/images/tooltip-triangle.png]
[pages.revox.io/dashboard/3.0.0/html/condensed/assets/plugins/mapplic/css/mapplic.css]
[pages.revox.io/dashboard/3.0.0/html/condensed/assets/plugins/rickshaw/rickshaw.min.css]
[pages.revox.io/dashboard/3.0.0/html/condensed/assets/plugins/bootstrap-datepicker/css/datepicker3.css]
[pages.revox.io/dashboard/3.0.0/html/condensed/assets/plugins/jquery-metrojs/images/metroIcons_light.jpg]
[pages.revox.io/dashboard/3.0.0/html/condensed/assets/plugins/jquery-metrojs/images/metroIcons.jpg]
[pages.revox.io/dashboard/3.0.0/html/condensed/assets/plugins/jquery-metrojs/MetroJs.css]
[pages.revox.io/dashboard/3.0.0/html/condensed/pages/fonts/pages-icon/Pages-icon095c.eot]
[pages.revox.io/dashboard/3.0.0/html/condensed/pages/fonts/pages-icon/Pages-icond41d.eot]
[pages.revox.io/dashboard/3.0.0/html/condensed/pages/fonts/pages-icon/Pages-icon095c.woff]
[pages.revox.io/dashboard/3.0.0/html/condensed/pages/fonts/pages-icon/Pages-icon095c.ttf]
[pages.revox.io/dashboard/3.0.0/html/condensed/pages/css/pages-icons.css]
[pages.revox.io/dashboard/3.0.0/html/condensed/pages/fonts/pages-icon/Pages-icon095c.svg]
[pages.revox.io/dashboard/3.0.0/html/condensed/pages/img/progress/progress-circle-success.svg]
[pages.revox.io/dashboard/3.0.0/html/condensed/pages/img/notes_lines.png]
[pages.revox.io/dashboard/3.0.0/html/condensed/pages/img/progress/progress-circle-lg-master-static.svg]
[pages.revox.io/dashboard/3.0.0/html/condensed/pages/img/progress/progress-circle-lg-white-static.svg]
[pages.revox.io/dashboard/3.0.0/html/condensed/pages/img/progress/progress-circle-lg-master.svg]
[pages.revox.io/dashboard/3.0.0/html/condensed/pages/img/progress/progress-circle-lg-white.svg]
[pages.revox.io/dashboard/3.0.0/html/condensed/pages/img/icons/noti-cross.png]
[pages.revox.io/dashboard/3.0.0/html/condensed/pages/img/progress/progress-bar-master.svg]
[pages.revox.io/dashboard/3.0.0/html/condensed/pages/img/progress/progress-bar-primary.svg]
[pages.revox.io/dashboard/3.0.0/html/condensed/pages/img/progress/progress-bar-complete.svg]
[pages.revox.io/dashboard/3.0.0/html/condensed/pages/img/progress/progress-bar-success.svg]
[pages.revox.io/dashboard/3.0.0/html/condensed/pages/img/progress/progress-bar-info.svg]
[pages.revox.io/dashboard/3.0.0/html/condensed/pages/img/progress/progress-bar-warning.svg]
[pages.revox.io/dashboard/3.0.0/html/condensed/pages/img/progress/progress-bar-danger.svg]
[pages.revox.io/dashboard/3.0.0/html/condensed/pages/img/progress/progress-circle-master.svg]
[pages.revox.io/dashboard/3.0.0/html/condensed/pages/img/progress/progress-circle-warning.svg]
[pages.revox.io/dashboard/3.0.0/html/condensed/pages/img/progress/progress-circle-danger.svg]
[pages.revox.io/dashboard/3.0.0/html/condensed/pages/img/progress/progress-circle-info.svg]
[pages.revox.io/dashboard/3.0.0/html/condensed/pages/img/progress/progress-circle-primary.svg]
[pages.revox.io/dashboard/3.0.0/html/condensed/pages/img/progress/progress-circle-complete.svg]
[pages.revox.io/dashboard/3.0.0/html/condensed/pages/img/editor_tray.png]
[pages.revox.io/dashboard/3.0.0/html/condensed/pages/img/icons/sort_asc.png]
[pages.revox.io/dashboard/3.0.0/html/condensed/pages/img/icons/sort_desc.png]
[pages.revox.io/dashboard/3.0.0/html/condensed/pages/img/icons/sort_both.png]
[pages.revox.io/dashboard/3.0.0/html/condensed/pages/img/icons/sort_asc_disabled.png]
[pages.revox.io/dashboard/3.0.0/html/condensed/pages/css//img/icons/sort_desc_disabled.png]
[pages.revox.io/dashboard/3.0.0/html/condensed/pages/img/linear_gradient.png]
[pages.revox.io/dashboard/3.0.0/html/condensed/assets/img/maps/marker-master.svg]
[pages.revox.io/dashboard/3.0.0/html/condensed/assets/img/maps/pulse-master.svg]
[pages.revox.io/dashboard/3.0.0/html/condensed/assets/img/maps/pulse-success.svg]
[pages.revox.io/dashboard/3.0.0/html/condensed/assets/img/maps/pulse-complete.svg]
[pages.revox.io/dashboard/3.0.0/html/condensed/assets/img/maps/pulse-primary.svg]
[pages.revox.io/dashboard/3.0.0/html/condensed/assets/img/maps/pulse-warning.svg]
[pages.revox.io/dashboard/3.0.0/html/condensed/assets/img/maps/pulse-danger.svg]
[pages.revox.io/dashboard/3.0.0/html/condensed/assets/img/maps/pulse-alt-master.svg]
[pages.revox.io/dashboard/3.0.0/html/condensed/assets/img/maps/pulse-alt-success.svg]
[pages.revox.io/dashboard/3.0.0/html/condensed/assets/img/maps/pulse-alt-complete.svg]
[pages.revox.io/dashboard/3.0.0/html/condensed/assets/img/maps/pulse-alt-primary.svg]
[pages.revox.io/dashboard/3.0.0/html/condensed/assets/img/maps/pulse-alt-warning.svg]
[pages.revox.io/dashboard/3.0.0/html/condensed/assets/img/maps/pulse-alt-danger.svg]
[pages.revox.io/dashboard/3.0.0/html/condensed/assets/img/maps/marker-success.svg]
[pages.revox.io/dashboard/3.0.0/html/condensed/assets/img/maps/marker-complete.svg]
[pages.revox.io/dashboard/3.0.0/html/condensed/assets/img/maps/marker-primary.svg]
[pages.revox.io/dashboard/3.0.0/html/condensed/assets/img/maps/marker-warning.svg]
[pages.revox.io/dashboard/3.0.0/html/condensed/assets/img/maps/marker-danger.svg]
[pages.revox.io/dashboard/3.0.0/html/condensed/assets/img/maps/marker-alt-master.svg]
[pages.revox.io/dashboard/3.0.0/html/condensed/assets/img/maps/marker-alt-success.svg]
[pages.revox.io/dashboard/3.0.0/html/condensed/assets/img/maps/marker-alt-complete.svg]
[pages.revox.io/dashboard/3.0.0/html/condensed/assets/img/maps/marker-alt-primary.svg]
[pages.revox.io/dashboard/3.0.0/html/condensed/assets/img/maps/marker-alt-warning.svg]
[pages.revox.io/dashboard/3.0.0/html/condensed/assets/img/maps/marker-alt-danger.svg]
[pages.revox.io/dashboard/3.0.0/html/condensed/assets/img/dashboard/pages_hero.jpg]
[pages.revox.io/dashboard/3.0.0/html/condensed/assets/img/social/person-cropped.jpg]
[pages.revox.io/dashboard/3.0.0/html/condensed/assets/img/social/quote.jpg]
[pages.revox.io/dashboard/3.0.0/html/condensed/assets/img/demo/tick.svg]
[pages.revox.io/dashboard/3.0.0/html/condensed/pages/img/editor_tray_2x.png]
[pages.revox.io/dashboard/3.0.0/html/condensed/pages/img/icons/noti-cross-2x.png]
[pages.revox.io/dashboard/3.0.0/html/condensed/pages/css/pages.css]
[pages.revox.io/dashboard/3.0.0/html/condensed/assets/img/demo/social_app.svg]
[pages.revox.io/dashboard/3.0.0/html/condensed/assets/img/demo/email_app.svg]
[pages.revox.io/dashboard/3.0.0/html/condensed/assets/img/demo/calendar_app.svg]
[pages.revox.io/dashboard/3.0.0/html/condensed/assets/img/demo/add_more.svg]
[pages.revox.io/dashboard/3.0.0/html/condensed/assets/plugins/bootstrap3-wysihtml5/bootstrap3-wysihtml5.min.css]
[pages.revox.io/dashboard/3.0.0/html/condensed/assets/plugins/jquery-menuclipper/jquery.menuclipper.css]
[pages.revox.io/dashboard/3.0.0/html/condensed/assets/img/profiles/avatar2x.jpg]
[pages.revox.io/dashboard/3.0.0/html/condensed/email_compose.html]
[pages.revox.io/cdn-cgi/scripts/78d64697/cloudflare-static/email-decode.min.js]
[pages.revox.io/dashboard/3.0.0/html/condensed/assets/plugins/bootstrap3-wysihtml5/bootstrap3-wysihtml5.all.min.js]
[pages.revox.io/dashboard/3.0.0/html/condensed/assets/plugins/jquery-menuclipper/jquery.menuclipper.js]
[pages.revox.io/dashboard/3.0.0/html/condensed/email.html]
[pages.revox.io/dashboard/3.0.0/html/condensed/pages/js/pages.email.js]
[pages.revox.io/dashboard/3.0.0/html/condensed/assets/plugins/codrops-stepsform/css/component.css]
[pages.revox.io/dashboard/3.0.0/html/condensed/assets/img/social/cover.jpg]
[pages.revox.io/dashboard/3.0.0/html/condensed/assets/img/profiles/2.jpg]
[pages.revox.io/dashboard/3.0.0/html/condensed/assets/img/profiles/3.jpg]
[pages.revox.io/dashboard/3.0.0/html/condensed/assets/img/profiles/4.jpg]
[pages.revox.io/dashboard/3.0.0/html/condensed/assets/img/profiles/5.jpg]
[pages.revox.io/dashboard/3.0.0/html/condensed/assets/img/profiles/6.jpg]
[pages.revox.io/dashboard/3.0.0/html/condensed/assets/img/profiles/7.jpg]
[pages.revox.io/dashboard/3.0.0/html/condensed/assets/img/social/person-1.jpg]
[pages.revox.io/dashboard/3.0.0/html/condensed/assets/plugins/imagesloaded/imagesloaded.pkgd.min.js]
[pages.revox.io/dashboard/3.0.0/html/condensed/assets/plugins/jquery-isotope/isotope.pkgd.min.js]
[pages.revox.io/dashboard/3.0.0/html/condensed/assets/plugins/codrops-stepsform/js/stepsForm.js]
[pages.revox.io/dashboard/3.0.0/html/condensed/pages/js/pages.social.min.js]
[pages.revox.io/dashboard/3.0.0/html/condensed/social.html]
[pages.revox.io/dashboard/3.0.0/html/condensed/assets/plugins/interactjs/interact.min.js]
[pages.revox.io/dashboard/3.0.0/html/condensed/assets/plugins/moment/moment-with-locales.min.js]
[pages.revox.io/dashboard/3.0.0/html/condensed/pages/js/pages.calendar.js]
[pages.revox.io/dashboard/3.0.0/html/condensed/assets/js/calendar.js]
[pages.revox.io/dashboard/3.0.0/html/condensed/calendar.html]
[pages.revox.io/dashboard/3.0.0/html/condensed/pages/js/pages.calendar.min.js]
[pages.revox.io/dashboard/3.0.0/html/condensed/assets/js/calendar_lang.js]
[pages.revox.io/dashboard/3.0.0/html/condensed/calendar_lang.html]
[pages.revox.io/dashboard/3.0.0/html/condensed/assets/js/calendar_month.js]
[pages.revox.io/dashboard/3.0.0/html/condensed/calendar_month.html]
[pages.revox.io/dashboard/3.0.0/html/condensed/assets/js/calendar_lazy.js]
[pages.revox.io/dashboard/3.0.0/html/condensed/calendar_lazy.html]
[pages.revox.io/dashboard/3.0.0/html/condensed/pages/css/windows.chrome.fix.css]
[pages.revox.io/dashboard/3.0.0/html/condensed/assets/img/demo/typography_hero.gif]
[pages.revox.io/dashboard/3.0.0/html/condensed/assets/img/demo/blank.svg]
[pages.revox.io/dashboard/3.0.0/html/condensed/assets/img/demo/paralax_cover.gif]
[pages.revox.io/dashboard/3.0.0/html/condensed/assets/img/demo/paralax_full.gif]
[pages.revox.io/dashboard/3.0.0/html/condensed/assets/img/demo/paralax_title.gif]
[pages.revox.io/dashboard/3.0.0/html/condensed/assets/img/demo/3_9.svg]
[pages.revox.io/dashboard/3.0.0/html/condensed/assets/img/demo/9_3.svg]
[pages.revox.io/dashboard/3.0.0/html/condensed/builder.html]
[pages.revox.io/dashboard/3.0.0/html/condensed/default_layout.html]
[pages.revox.io/dashboard/3.0.0/html/condensed/secondary_layout.html]
[pages.revox.io/dashboard/3.0.0/html/condensed/assets/img/demo/6_6.svg]
[pages.revox.io/dashboard/3.0.0/html/condensed/boxed_layout.html]
[pages.revox.io/dashboard/3.0.0/html/condensed/rtl_layout.html]
[pages.revox.io/dashboard/3.0.0/html/condensed/assets/img/demo/colors_hero.gif]
[pages.revox.io/dashboard/3.0.0/html/condensed/pages/css/pages.rtl.css]
[pages.revox.io/dashboard/3.0.0/html/condensed/color.html]
[pages.revox.io/dashboard/3.0.0/html/condensed/assets/img/demo/typo_font_preview.svg]
[pages.revox.io/dashboard/3.0.0/html/condensed/typography.html]
[pages.revox.io/dashboard/3.0.0/html/condensed/assets/plugins/simple-line-icons/simple-line-icons.css]
[pages.revox.io/dashboard/3.0.0/html/condensed/assets/img/demo/icons_hero.png]
[pages.revox.io/dashboard/3.0.0/html/condensed/assets/plugins/jquery.sieve.min.js]
[pages.revox.io/dashboard/3.0.0/html/condensed/icons.html]
[pages.revox.io/dashboard/3.0.0/html/condensed/assets/js/icon.js]
[pages.revox.io/dashboard/3.0.0/html/condensed/assets/img/demo/buttons_hero.gif]
[pages.revox.io/dashboard/3.0.0/html/condensed/buttons.html]
[pages.revox.io/dashboard/3.0.0/html/condensed/assets/img/demo/notifications_hero.gif]
[pages.revox.io/dashboard/3.0.0/html/condensed/assets/img/notifications/loading_bar.svg]
[pages.revox.io/dashboard/3.0.0/html/condensed/assets/img/notifications/bounce_progress.svg]
[pages.revox.io/dashboard/3.0.0/html/condensed/assets/img/notifications/circle_progress.svg]
[pages.revox.io/dashboard/3.0.0/html/condensed/assets/img/notifications/simple_alert.svg]
[pages.revox.io/dashboard/3.0.0/html/condensed/notifications.html]
[pages.revox.io/dashboard/3.0.0/html/condensed/assets/js/notifications.js]
[pages.revox.io/dashboard/3.0.0/html/condensed/assets/img/demo/modal_hero.gif]
[pages.revox.io/dashboard/3.0.0/html/condensed/assets/img/demo/1.svg]
[pages.revox.io/dashboard/3.0.0/html/condensed/assets/img/demo/2.svg]
[pages.revox.io/dashboard/3.0.0/html/condensed/assets/img/demo/4.svg]
[pages.revox.io/dashboard/3.0.0/html/condensed/modals.html]
[pages.revox.io/dashboard/3.0.0/html/condensed/assets/img/demo/3.svg]
[pages.revox.io/dashboard/3.0.0/html/condensed/assets/img/demo/progress.svg]
[pages.revox.io/dashboard/3.0.0/html/condensed/assets/img/demo/determinate_bar.gif]
[pages.revox.io/dashboard/3.0.0/html/condensed/assets/img/demo/indeterminate_bar.gif]
[pages.revox.io/dashboard/3.0.0/html/condensed/assets/img/demo/determinate_circle.gif]
[pages.revox.io/dashboard/3.0.0/html/condensed/assets/img/demo/indeterminate_circle.gif]
[pages.revox.io/dashboard/3.0.0/html/condensed/progress.html]
[pages.revox.io/dashboard/3.0.0/html/condensed/assets/img/demo/tab.png]
[pages.revox.io/dashboard/3.0.0/html/condensed/assets/plugins/bootstrap-collapse/bootstrap-tabcollapse.js]
[pages.revox.io/dashboard/3.0.0/html/condensed/tabs_accordian.html]
[pages.revox.io/dashboard/3.0.0/html/condensed/assets/plugins/ion-slider/css/ion.rangeSlider.css]
[pages.revox.io/dashboard/3.0.0/html/condensed/assets/plugins/ion-slider/css/ion.rangeSlider.skinFlat.css]
[pages.revox.io/dashboard/3.0.0/html/condensed/assets/plugins/jquery-nouislider/jquery.nouislider.css]
[pages.revox.io/dashboard/3.0.0/html/condensed/assets/img/demo/slider_hero.gif]
[pages.revox.io/dashboard/3.0.0/html/condensed/assets/plugins/ion-slider/js/ion.rangeSlider.min.js]
[pages.revox.io/dashboard/3.0.0/html/condensed/assets/plugins/jquery-nouislider/jquery.nouislider.min.js]
[pages.revox.io/dashboard/3.0.0/html/condensed/assets/plugins/jquery-nouislider/jquery.liblink.js]
[pages.revox.io/dashboard/3.0.0/html/condensed/sliders.html]
[pages.revox.io/dashboard/3.0.0/html/condensed/assets/js/slider.js]
[pages.revox.io/dashboard/3.0.0/html/condensed/assets/plugins/jquery-dynatree/skin/ui.dynatree.css]
[pages.revox.io/dashboard/3.0.0/html/condensed/assets/plugins/jquery-dynatree/jquery.dynatree.min.js]
[pages.revox.io/dashboard/3.0.0/html/condensed/tree_view.html]
[pages.revox.io/dashboard/3.0.0/html/condensed/assets/js/tree_view.js]
[pages.revox.io/dashboard/3.0.0/html/condensed/assets/plugins/jquery-nestable/jquery.nestable.css]
[pages.revox.io/dashboard/3.0.0/html/condensed/assets/img/demo/nest.png]
[pages.revox.io/dashboard/3.0.0/html/condensed/assets/plugins/jquery-nestable/jquery.nestable.js]
[pages.revox.io/dashboard/3.0.0/html/condensed/nestables.html]
[pages.revox.io/dashboard/3.0.0/html/condensed/assets/js/nestables.js]
[pages.revox.io/dashboard/3.0.0/html/condensed/assets/plugins/bootstrap-tag/bootstrap-tagsinput.css]
[pages.revox.io/dashboard/3.0.0/html/condensed/assets/plugins/dropzone/css/dropzone.css]
[pages.revox.io/dashboard/3.0.0/html/condensed/assets/plugins/summernote/css/summernote.css]
[pages.revox.io/dashboard/3.0.0/html/condensed/assets/plugins/bootstrap-daterangepicker/daterangepicker-bs3.css]
[pages.revox.io/dashboard/3.0.0/html/condensed/assets/plugins/bootstrap-timepicker/bootstrap-timepicker.min.css]
[pages.revox.io/dashboard/3.0.0/html/condensed/assets/img/demo/form_hero.gif]
[pages.revox.io/dashboard/3.0.0/html/condensed/assets/plugins/jquery-autonumeric/autoNumeric.js]
[pages.revox.io/dashboard/3.0.0/html/condensed/assets/plugins/dropzone/dropzone.min.js]
[pages.revox.io/dashboard/3.0.0/html/condensed/assets/plugins/bootstrap-tag/bootstrap-tagsinput.min.js]
[pages.revox.io/dashboard/3.0.0/html/condensed/assets/plugins/jquery-inputmask/jquery.inputmask.min.js]
[pages.revox.io/dashboard/3.0.0/html/condensed/assets/plugins/bootstrap-form-wizard/js/jquery.bootstrap.wizard.min.js]
[pages.revox.io/dashboard/3.0.0/html/condensed/assets/plugins/jquery-validation/js/jquery.validate.min.js]
[pages.revox.io/dashboard/3.0.0/html/condensed/assets/plugins/summernote/js/summernote.min.js]
[pages.revox.io/dashboard/3.0.0/html/condensed/assets/plugins/moment/moment.min.js]
[pages.revox.io/dashboard/3.0.0/html/condensed/assets/plugins/bootstrap-daterangepicker/daterangepicker.js]
[pages.revox.io/dashboard/3.0.0/html/condensed/assets/plugins/bootstrap-timepicker/bootstrap-timepicker.min.js]
[pages.revox.io/dashboard/3.0.0/html/condensed/assets/plugins/bootstrap-typehead/typeahead.bundle.min.js]
[pages.revox.io/dashboard/3.0.0/html/condensed/assets/plugins/bootstrap-typehead/typeahead.jquery.min.js]
[pages.revox.io/dashboard/3.0.0/html/condensed/assets/plugins/handlebars/handlebars-v4.0.5.js]
[pages.revox.io/dashboard/3.0.0/html/condensed/form_elements.html]
[pages.revox.io/dashboard/3.0.0/html/condensed/assets/js/form_elements.js]
[pages.revox.io/dashboard/3.0.0/html/condensed/form_layouts.html]
[pages.revox.io/dashboard/3.0.0/html/condensed/assets/js/form_layouts.js]
[pages.revox.io/dashboard/3.0.0/html/condensed/assets/img/form-wizard/visa.png]
[pages.revox.io/dashboard/3.0.0/html/condensed/assets/img/form-wizard/amex.png]
[pages.revox.io/dashboard/3.0.0/html/condensed/assets/img/form-wizard/mastercard.png]
[pages.revox.io/dashboard/3.0.0/html/condensed/form_wizard.html]
[pages.revox.io/dashboard/3.0.0/html/condensed/assets/js/form_wizard.js]
[pages.revox.io/dashboard/3.0.0/html/condensed/cards.html]
[pages.revox.io/dashboard/3.0.0/html/condensed/assets/js/card.js]
[pages.revox.io/dashboard/3.0.0/html/condensed/assets/img/demo/views_animation.gif]
[pages.revox.io/dashboard/3.0.0/html/condensed/views_push_parallax.html]
[pages.revox.io/dashboard/3.0.0/html/condensed/views_push.html]
[pages.revox.io/dashboard/3.0.0/html/condensed/views.html]
[pages.revox.io/dashboard/3.0.0/html/condensed/views_from_top.html]
[pages.revox.io/dashboard/3.0.0/html/condensed/assets/plugins/jquery-datatable/media/css/dataTables.bootstrap.min.css]
[pages.revox.io/dashboard/3.0.0/html/condensed/assets/plugins/jquery-datatable/extensions/FixedColumns/css/dataTables.fixedColumns.min.css]
[pages.revox.io/dashboard/3.0.0/html/condensed/assets/plugins/datatables-responsive/css/datatables.responsive.css]
[pages.revox.io/dashboard/3.0.0/html/condensed/assets/img/demo/tables.jpg]
[pages.revox.io/dashboard/3.0.0/html/condensed/assets/plugins/jquery-datatable/media/js/jquery.dataTables.min.js]
[pages.revox.io/dashboard/3.0.0/html/condensed/assets/plugins/jquery-datatable/extensions/TableTools/js/dataTables.tableTools.min.js]
[pages.revox.io/dashboard/3.0.0/html/condensed/assets/plugins/jquery-datatable/media/js/dataTables.bootstrap.js]
[pages.revox.io/dashboard/3.0.0/html/condensed/assets/plugins/jquery-datatable/extensions/Bootstrap/jquery-datatable-bootstrap.js]
[pages.revox.io/dashboard/3.0.0/html/condensed/assets/plugins/datatables-responsive/js/datatables.responsive.js]
[pages.revox.io/dashboard/3.0.0/html/condensed/assets/plugins/datatables-responsive/js/lodash.min.js]
[pages.revox.io/dashboard/3.0.0/html/condensed/tables.html]
[pages.revox.io/dashboard/3.0.0/html/condensed/assets/js/tables.js]
[pages.revox.io/dashboard/3.0.0/html/condensed/datatables.html]
[pages.revox.io/dashboard/3.0.0/html/condensed/assets/js/datatables.js]
[pages.revox.io/dashboard/3.0.0/html/condensed/google_map.html]
[pages.revox.io/dashboard/3.0.0/html/condensed/assets/js/google_map.js]
[pages.revox.io/dashboard/3.0.0/html/condensed/vector_map.html]
[pages.revox.io/dashboard/3.0.0/html/condensed/assets/js/vector_map.js]
[pages.revox.io/dashboard/3.0.0/html/condensed/charts.html]
[pages.revox.io/dashboard/3.0.0/html/condensed/assets/js/charts.js]
[pages.revox.io/dashboard/3.0.0/html/condensed/assets/img/invoice/pdf2x.png]
[pages.revox.io/dashboard/3.0.0/html/condensed/assets/img/invoice/image2x.png]
[pages.revox.io/dashboard/3.0.0/html/condensed/assets/img/invoice/doc2x.png]
[pages.revox.io/dashboard/3.0.0/html/condensed/assets/img/invoice/squarespace2x.png]
[pages.revox.io/dashboard/3.0.0/html/condensed/assets/img/invoice/signature2x.png]
[pages.revox.io/dashboard/3.0.0/html/condensed/invoice.html]
[pages.revox.io/dashboard/3.0.0/html/condensed/assets/img/demo/pages_icon.png]
[pages.revox.io/dashboard/3.0.0/html/condensed/404.html]
[pages.revox.io/dashboard/3.0.0/html/condensed/500.html]
[pages.revox.io/dashboard/3.0.0/html/condensed/blank_template.html]
[pages.revox.io/dashboard/3.0.0/html/condensed/assets/img/demo/new-york-city-buildings-sunrise-morning-hd-wallpaper.jpg]
[pages.revox.io/dashboard/3.0.0/html/condensed/login.html]
[pages.revox.io/dashboard/3.0.0/html/condensed/register.html]
[pages.revox.io/dashboard/3.0.0/html/condensed/lock_screen.html]
[pages.revox.io/dashboard/3.0.0/html/condensed/assets/plugins/codrops-dialogFx/dialog.css]
[pages.revox.io/dashboard/3.0.0/html/condensed/assets/plugins/codrops-dialogFx/dialog-sandra.css]
[pages.revox.io/dashboard/3.0.0/html/condensed/assets/plugins/owl-carousel/assets/owl.carousel.css]
[pages.revox.io/dashboard/3.0.0/html/condensed/assets/img/gallery/1.jpg]
[pages.revox.io/dashboard/3.0.0/html/condensed/assets/img/gallery/2_1.jpg]
[pages.revox.io/dashboard/3.0.0/html/condensed/assets/img/gallery/2_2.jpg]
[pages.revox.io/dashboard/3.0.0/html/condensed/assets/img/gallery/3.jpg]
[pages.revox.io/dashboard/3.0.0/html/condensed/assets/img/gallery/4.jpg]
[pages.revox.io/dashboard/3.0.0/html/condensed/assets/img/gallery/5.jpg]
[pages.revox.io/dashboard/3.0.0/html/condensed/assets/img/gallery/6.jpg]
[pages.revox.io/dashboard/3.0.0/html/condensed/assets/img/gallery/7.jpg]
[pages.revox.io/dashboard/3.0.0/html/condensed/assets/img/gallery/8.jpg]
[pages.revox.io/dashboard/3.0.0/html/condensed/assets/img/gallery/9.jpg]
[pages.revox.io/dashboard/3.0.0/html/condensed/assets/img/gallery/10.jpg]
[pages.revox.io/dashboard/3.0.0/html/condensed/assets/img/gallery/11.jpg]
[pages.revox.io/dashboard/3.0.0/html/condensed/assets/img/gallery/12.jpg]
[pages.revox.io/dashboard/3.0.0/html/condensed/assets/img/gallery/13.jpg]
[pages.revox.io/dashboard/3.0.0/html/condensed/assets/img/gallery/14.jpg]
[pages.revox.io/dashboard/3.0.0/html/condensed/assets/img/gallery/item-square.jpg]
[pages.revox.io/dashboard/3.0.0/html/condensed/assets/img/gallery/thumb-1.jpg]
[pages.revox.io/dashboard/3.0.0/html/condensed/assets/img/gallery/thumb-2.jpg]
[pages.revox.io/dashboard/3.0.0/html/condensed/assets/img/gallery/thumb-3.jpg]
[pages.revox.io/dashboard/3.0.0/html/condensed/assets/plugins/codrops-dialogFx/dialogFx.js]
[pages.revox.io/dashboard/3.0.0/html/condensed/assets/plugins/owl-carousel/owl.carousel.min.js]
[pages.revox.io/dashboard/3.0.0/html/condensed/gallery.html]
[pages.revox.io/dashboard/3.0.0/html/condensed/assets/js/gallery.js]
[pages.revox.io/dashboard/3.0.0/html/condensed/timeline.html]
[pages.revox.io/dashboard/3.0.0/html/condensed/assets/js/timeline.js]
[changelog.pages.revox.io/index.html]
[pages.revox.io/dashboard/3.0.0/html/condensed/assets/plugins/pace/pace.min.js]
[pages.revox.io/dashboard/3.0.0/html/condensed/assets/plugins/jquery/jquery-1.11.1.min.js]
[pages.revox.io/dashboard/3.0.0/html/condensed/assets/plugins/modernizr.custom.js]
[pages.revox.io/dashboard/3.0.0/html/condensed/assets/plugins/jquery-ui/jquery-ui.min.js]
[pages.revox.io/dashboard/3.0.0/html/condensed/You must include the utils.js file before tether.js]
[pages.revox.io/dashboard/3.0.0/html/condensed/assets/plugins/tether/js/tether.min.js]
[pages.revox.io/dashboard/3.0.0/html/condensed/assets/plugins/bootstrap/js/bootstrap.min.js]
[pages.revox.io/dashboard/3.0.0/html/condensed/assets/plugins/jquery/jquery-easy.js]
[pages.revox.io/dashboard/3.0.0/html/condensed/assets/plugins/jquery-unveil/jquery.unveil.min.js]
[pages.revox.io/dashboard/3.0.0/html/condensed/assets/plugins/jquery-ios-list/jquery.ioslist.min.js]
[pages.revox.io/dashboard/3.0.0/html/condensed/assets/plugins/jquery-actual/jquery.actual.min.js]
[pages.revox.io/dashboard/3.0.0/html/condensed/assets/plugins/jquery-scrollbar/jquery.scrollbar.min.js]
[pages.revox.io/dashboard/3.0.0/html/condensed/assets/plugins/select2/js/select2.full.min.js]
[pages.revox.io/dashboard/3.0.0/html/condensed/assets/plugins/classie/classie.js]
[pages.revox.io/dashboard/3.0.0/html/condensed/assets/plugins/switchery/js/switchery.min.js]
[pages.revox.io/dashboard/3.0.0/html/condensed/assets/plugins/nvd3/lib/d3.v3.js]
[pages.revox.io/dashboard/3.0.0/html/condensed/images/grey-plus.png]
[pages.revox.io/dashboard/3.0.0/html/condensed/index-2.html]
[pages.revox.io/dashboard/3.0.0/html/condensed/images/grey-minus.png]
[pages.revox.io/dashboard/3.0.0/html/condensed/assets/plugins/nvd3/nv.d3.min.js]
[pages.revox.io/dashboard/3.0.0/html/condensed/assets/plugins/nvd3/src/utils.js]
[pages.revox.io/dashboard/3.0.0/html/condensed/assets/plugins/nvd3/src/tooltip.js]
[pages.revox.io/dashboard/3.0.0/html/condensed/assets/plugins/nvd3/src/interactiveLayer.js]
[pages.revox.io/dashboard/3.0.0/html/condensed/assets/plugins/nvd3/src/models/axis.js]
[pages.revox.io/dashboard/3.0.0/html/condensed/assets/plugins/nvd3/src/models/line.js]
[pages.revox.io/dashboard/3.0.0/html/condensed/assets/plugins/nvd3/src/models/lineWithFocusChart.js]
[pages.revox.io/dashboard/3.0.0/html/condensed/assets/plugins/mapplic/js/hammer.js]
[pages.revox.io/dashboard/3.0.0/html/condensed/assets/plugins/mapplic/js/jquery.mousewheel.js]
[pages.revox.io/dashboard/3.0.0/html/condensed/assets/plugins/mapplic/js/mapplic.js]
[pages.revox.io/dashboard/3.0.0/html/condensed/assets/plugins/rickshaw/rickshaw.min.js]
[pages.revox.io/dashboard/3.0.0/html/condensed/assets/plugins/jquery-metrojs/MetroJs.min.js]
[pages.revox.io/dashboard/3.0.0/html/condensed/assets/plugins/jquery-sparkline/jquery.sparkline.min.js]
[pages.revox.io/dashboard/3.0.0/html/condensed/assets/plugins/skycons/skycons.js]
[pages.revox.io/dashboard/3.0.0/html/condensed/assets/plugins/bootstrap-datepicker/js/bootstrap-datepicker.js]
[pages.revox.io/dashboard/3.0.0/html/condensed/pages/js/pages.min.js]
[pages.revox.io/dashboard/3.0.0/html/condensed/assets/js/dashboard.js]
[pages.revox.io/dashboard/3.0.0/html/condensed/assets/js/scripts.js]
[pages.revox.io/dashboard/3.0.0/html/condensed/assets/js/demo.js]
[pages.revox.io/dashboard/3.0.0/html/condensed/assets/plugins/font-awesome/fonts/fontawesome-webfont3e6e.svg]
[pages.revox.io/dashboard/3.0.0/html/condensed/pages/fonts/pages-icon/Pages-icon095c.svg]
[pages.revox.io/dashboard/3.0.0/html/condensed/pages/img/progress/progress-circle-success.svg]
[pages.revox.io/dashboard/3.0.0/html/condensed/pages/img/progress/progress-circle-lg-master-static.svg]
[pages.revox.io/dashboard/3.0.0/html/condensed/pages/img/progress/progress-circle-lg-white-static.svg]
[pages.revox.io/dashboard/3.0.0/html/condensed/pages/img/progress/progress-circle-lg-master.svg]
[pages.revox.io/dashboard/3.0.0/html/condensed/pages/img/progress/progress-circle-lg-white.svg]
[pages.revox.io/dashboard/3.0.0/html/condensed/pages/img/progress/progress-bar-master.svg]
[pages.revox.io/dashboard/3.0.0/html/condensed/pages/img/progress/progress-bar-primary.svg]
[pages.revox.io/dashboard/3.0.0/html/condensed/pages/img/progress/progress-bar-complete.svg]
[pages.revox.io/dashboard/3.0.0/html/condensed/pages/img/progress/progress-bar-success.svg]
[pages.revox.io/dashboard/3.0.0/html/condensed/pages/img/progress/progress-bar-info.svg]
[pages.revox.io/dashboard/3.0.0/html/condensed/pages/img/progress/progress-bar-warning.svg]
[pages.revox.io/dashboard/3.0.0/html/condensed/pages/img/progress/progress-bar-danger.svg]
[pages.revox.io/dashboard/3.0.0/html/condensed/pages/img/progress/progress-circle-master.svg]
[pages.revox.io/dashboard/3.0.0/html/condensed/pages/img/progress/progress-circle-warning.svg]
[pages.revox.io/dashboard/3.0.0/html/condensed/pages/img/progress/progress-circle-danger.svg]
[pages.revox.io/dashboard/3.0.0/html/condensed/pages/img/progress/progress-circle-info.svg]
[pages.revox.io/dashboard/3.0.0/html/condensed/pages/img/progress/progress-circle-primary.svg]
[pages.revox.io/dashboard/3.0.0/html/condensed/pages/img/progress/progress-circle-complete.svg]
[pages.revox.io/dashboard/3.0.0/html/condensed/pages/css//img/icons/sort_desc_disabled.html]
[pages.revox.io/dashboard/3.0.0/html/condensed/assets/img/maps/marker-master.svg]
[pages.revox.io/dashboard/3.0.0/html/condensed/assets/img/maps/pulse-master.svg]
[pages.revox.io/dashboard/3.0.0/html/condensed/assets/img/maps/pulse-success.svg]
[pages.revox.io/dashboard/3.0.0/html/condensed/assets/img/maps/pulse-complete.svg]
[pages.revox.io/dashboard/3.0.0/html/condensed/assets/img/maps/pulse-primary.svg]
[pages.revox.io/dashboard/3.0.0/html/condensed/assets/img/maps/pulse-warning.svg]
[pages.revox.io/dashboard/3.0.0/html/condensed/assets/img/maps/pulse-danger.svg]
[pages.revox.io/dashboard/3.0.0/html/condensed/assets/img/maps/pulse-alt-master.svg]
[pages.revox.io/dashboard/3.0.0/html/condensed/assets/img/maps/pulse-alt-success.svg]
[pages.revox.io/dashboard/3.0.0/html/condensed/assets/img/maps/pulse-alt-complete.svg]
[pages.revox.io/dashboard/3.0.0/html/condensed/assets/img/maps/pulse-alt-primary.svg]
[pages.revox.io/dashboard/3.0.0/html/condensed/assets/img/maps/pulse-alt-warning.svg]
[pages.revox.io/dashboard/3.0.0/html/condensed/assets/img/maps/pulse-alt-danger.svg]
[pages.revox.io/dashboard/3.0.0/html/condensed/assets/img/maps/marker-success.svg]
[pages.revox.io/dashboard/3.0.0/html/condensed/assets/img/maps/marker-complete.svg]
[pages.revox.io/dashboard/3.0.0/html/condensed/assets/img/maps/marker-primary.svg]
[pages.revox.io/dashboard/3.0.0/html/condensed/assets/img/maps/marker-warning.svg]
[pages.revox.io/dashboard/3.0.0/html/condensed/assets/img/maps/marker-danger.svg]
[pages.revox.io/dashboard/3.0.0/html/condensed/assets/img/maps/marker-alt-master.svg]
[pages.revox.io/dashboard/3.0.0/html/condensed/assets/img/maps/marker-alt-success.svg]
[pages.revox.io/dashboard/3.0.0/html/condensed/assets/img/maps/marker-alt-complete.svg]
[pages.revox.io/dashboard/3.0.0/html/condensed/assets/img/maps/marker-alt-primary.svg]
[pages.revox.io/dashboard/3.0.0/html/condensed/assets/img/maps/marker-alt-warning.svg]
[pages.revox.io/dashboard/3.0.0/html/condensed/assets/img/maps/marker-alt-danger.svg]
[pages.revox.io/dashboard/3.0.0/html/condensed/assets/img/demo/tick.svg]
[pages.revox.io/dashboard/3.0.0/html/condensed/assets/plugins/bootstrap3-wysihtml5/bootstrap3-wysihtml5.min.css]
[pages.revox.io/dashboard/3.0.0/html/condensed/assets/plugins/jquery-menuclipper/jquery.menuclipper.css]
[pages.revox.io/dashboard/3.0.0/html/condensed/email_compose.html]
[pages.revox.io/dashboard/3.0.0/html/condensed/_]
[pages.revox.io/dashboard/3.0.0/html/condensed/assets/plugins/bootstrap3-wysihtml5/bootstrap3-wysihtml5.all.min.js]
[pages.revox.io/dashboard/3.0.0/html/condensed/assets/plugins/jquery-menuclipper/jquery.menuclipper.js]
[pages.revox.io/dashboard/3.0.0/html/condensed/AppleWebKit/index.html]
[pages.revox.io/dashboard/3.0.0/html/condensed/Chrome/index.html]
[pages.revox.io/dashboard/3.0.0/html/condensed/Opera/index.html]
[pages.revox.io/dashboard/3.0.0/html/condensed/pages/js/pages.email.js]
[pages.revox.io/dashboard/3.0.0/html/condensed/assets/plugins/codrops-stepsform/css/component.css]
[pages.revox.io/dashboard/3.0.0/html/condensed/assets/plugins/imagesloaded/imagesloaded.pkgd.min.js]
[pages.revox.io/dashboard/3.0.0/html/condensed/assets/plugins/jquery-isotope/isotope.pkgd.min.js]
[pages.revox.io/dashboard/3.0.0/html/condensed/assets/plugins/codrops-stepsform/js/stepsForm.js]
[pages.revox.io/dashboard/3.0.0/html/condensed/pages/js/pages.social.min.js]
[pages.revox.io/dashboard/3.0.0/html/condensed/assets/plugins/interactjs/interact.min.js]
[pages.revox.io/dashboard/3.0.0/html/condensed/hpwos/index.html]
[pages.revox.io/dashboard/3.0.0/html/condensed/assets/plugins/moment/moment-with-locales.min.js]
[pages.revox.io/dashboard/3.0.0/html/condensed/assets/img/social/cover.jpg]
[pages.revox.io/dashboard/3.0.0/html/condensed/pages/js/pages.calendar.js]
[pages.revox.io/dashboard/3.0.0/html/condensed/assets/js/calendar.js]
[pages.revox.io/dashboard/3.0.0/html/condensed/pages/js/pages.calendar.min.js]
[pages.revox.io/dashboard/3.0.0/html/condensed/assets/js/calendar_lang.js]
[pages.revox.io/dashboard/3.0.0/html/condensed/assets/js/calendar_month.js]
[pages.revox.io/dashboard/3.0.0/html/condensed/assets/js/calendar_lazy.js]
[pages.revox.io/dashboard/3.0.0/html/condensed/pages/css/windows.chrome.fix.css]
[pages.revox.io/dashboard/3.0.0/html/condensed/assets/img/demo/blank.svg]
[pages.revox.io/dashboard/3.0.0/html/condensed/assets/img/demo/3_9.svg]
[pages.revox.io/dashboard/3.0.0/html/condensed/assets/img/demo/9_3.svg]
[pages.revox.io/dashboard/3.0.0/html/condensed/assets/img/demo/6_6.svg]
[pages.revox.io/dashboard/3.0.0/html/condensed/pages/css/pages.rtl.css]
[pages.revox.io/dashboard/3.0.0/html/condensed/assets/img/demo/typo_font_preview.svg]
[pages.revox.io/dashboard/3.0.0/html/condensed/assets/plugins/simple-line-icons/fonts/Simple-Line-Icons.eot]
[pages.revox.io/dashboard/3.0.0/html/condensed/assets/plugins/simple-line-icons/fonts/Simple-Line-Icons.woff]
[pages.revox.io/dashboard/3.0.0/html/condensed/assets/plugins/simple-line-icons/fonts/Simple-Line-Icons.ttf]
[pages.revox.io/dashboard/3.0.0/html/condensed/assets/plugins/simple-line-icons/simple-line-icons.css]
[pages.revox.io/dashboard/3.0.0/html/condensed/assets/plugins/simple-line-icons/fonts/Simple-Line-Icons.svg]
[pages.revox.io/dashboard/3.0.0/html/condensed/assets/plugins/simple-line-icons/fonts/Simple-Line-Iconsd41d.eot]
[pages.revox.io/dashboard/3.0.0/html/condensed/assets/plugins/jquery.sieve.min.js]
[pages.revox.io/dashboard/3.0.0/html/condensed/assets/js/icon.js]
[pages.revox.io/dashboard/3.0.0/html/condensed/assets/img/notifications/loading_bar.svg]
[pages.revox.io/dashboard/3.0.0/html/condensed/assets/img/notifications/bounce_progress.svg]
[pages.revox.io/dashboard/3.0.0/html/condensed/assets/img/notifications/circle_progress.svg]
[pages.revox.io/dashboard/3.0.0/html/condensed/assets/img/notifications/simple_alert.svg]
[pages.revox.io/dashboard/3.0.0/html/condensed/assets/js/notifications.js]
[pages.revox.io/dashboard/3.0.0/html/condensed/assets/img/demo/1.svg]
[pages.revox.io/dashboard/3.0.0/html/condensed/assets/img/demo/2.svg]
[pages.revox.io/dashboard/3.0.0/html/condensed/assets/img/demo/4.svg]
[pages.revox.io/dashboard/3.0.0/html/condensed/assets/img/demo/3.svg]
[pages.revox.io/dashboard/3.0.0/html/condensed/assets/img/demo/progress.svg]
[pages.revox.io/dashboard/3.0.0/html/condensed/assets/plugins/bootstrap-collapse/bootstrap-tabcollapse.js]
[pages.revox.io/dashboard/3.0.0/html/condensed/assets/plugins/ion-slider/css/ion.rangeSlider.css]
[pages.revox.io/dashboard/3.0.0/html/condensed/assets/plugins/ion-slider/img/sprite-skin-flat.png]
[pages.revox.io/dashboard/3.0.0/html/condensed/assets/plugins/ion-slider/css/ion.rangeSlider.skinFlat.css]
[pages.revox.io/dashboard/3.0.0/html/condensed/assets/plugins/jquery-nouislider/jquery.nouislider.css]
[pages.revox.io/dashboard/3.0.0/html/condensed/assets/plugins/ion-slider/js/ion.rangeSlider.min.js]
[pages.revox.io/dashboard/3.0.0/html/condensed/assets/plugins/jquery-nouislider/jquery.nouislider.min.js]
[pages.revox.io/dashboard/3.0.0/html/condensed/assets/plugins/jquery-nouislider/jquery.liblink.js]
[pages.revox.io/dashboard/3.0.0/html/condensed/lower]
[pages.revox.io/dashboard/3.0.0/html/condensed/upper]
[pages.revox.io/dashboard/3.0.0/html/condensed/assets/js/slider.js]
[pages.revox.io/dashboard/3.0.0/html/condensed/assets/plugins/jquery-dynatree/skin/vline.gif]
[pages.revox.io/dashboard/3.0.0/html/condensed/assets/plugins/jquery-dynatree/skin/icons.gif]
[pages.revox.io/dashboard/3.0.0/html/condensed/assets/plugins/jquery-dynatree/skin/loading.gif]
[pages.revox.io/dashboard/3.0.0/html/condensed/assets/plugins/jquery-dynatree/skin/ui.dynatree.css]
[pages.revox.io/dashboard/3.0.0/html/condensed/assets/plugins/jquery-dynatree/jquery.dynatree.min.js]
[pages.revox.io/dashboard/3.0.0/html/condensed/assets/js/tree_view.js]
[pages.revox.io/dashboard/3.0.0/html/condensed/assets/plugins/jquery-nestable/jquery.nestable.css]
[pages.revox.io/dashboard/3.0.0/html/condensed/assets/plugins/jquery-nestable/jquery.nestable.js]
[pages.revox.io/dashboard/3.0.0/html/condensed/assets/js/nestables.js]
[pages.revox.io/dashboard/3.0.0/html/condensed/assets/plugins/bootstrap-tag/bootstrap-tagsinput.css]
[pages.revox.io/dashboard/3.0.0/html/condensed/assets/plugins/dropzone/images/spritemap.png]
[pages.revox.io/dashboard/3.0.0/html/condensed/assets/plugins/dropzone/images/spritemap@2x.png]
[pages.revox.io/dashboard/3.0.0/html/condensed/assets/plugins/dropzone/css/dropzone.css]
[pages.revox.io/dashboard/3.0.0/html/condensed/assets/plugins/summernote/css/summernote.css]
[pages.revox.io/dashboard/3.0.0/html/condensed/assets/plugins/bootstrap-daterangepicker/daterangepicker-bs3.css]
[pages.revox.io/dashboard/3.0.0/html/condensed/assets/plugins/bootstrap-timepicker/bootstrap-timepicker.min.css]
[pages.revox.io/dashboard/3.0.0/html/condensed/assets/plugins/jquery-autonumeric/autoNumeric.js]
[pages.revox.io/dashboard/3.0.0/html/condensed/component-emitter/index.js]
[pages.revox.io/dashboard/3.0.0/html/condensed/dropzone/index.js]
[pages.revox.io/dashboard/3.0.0/html/condensed/lib/dropzone.js]
[pages.revox.io/dashboard/3.0.0/html/condensed/dropzone/lib/dropzone.js]
[pages.revox.io/dashboard/3.0.0/html/condensed/dropzone/deps/emitter/index.js]
[pages.revox.io/dashboard/3.0.0/html/condensed/emitter/index.js]
[pages.revox.io/dashboard/3.0.0/html/condensed/assets/plugins/dropzone/dropzone.min.js]
[pages.revox.io/dashboard/3.0.0/html/condensed/assets/plugins/bootstrap-tag/bootstrap-tagsinput.min.js]
[pages.revox.io/dashboard/3.0.0/html/condensed/assets/plugins/jquery-inputmask/jquery.inputmask.min.js]
[pages.revox.io/dashboard/3.0.0/html/condensed/assets/plugins/bootstrap-form-wizard/js/jquery.bootstrap.wizard.min.js]
[pages.revox.io/dashboard/3.0.0/html/condensed/assets/plugins/jquery-validation/js/jquery.validate.min.js]
[pages.revox.io/dashboard/3.0.0/html/condensed/assets/plugins/summernote/js/summernote.min.js]
[pages.revox.io/dashboard/3.0.0/html/condensed/assets/plugins/moment/moment.min.js]
[pages.revox.io/dashboard/3.0.0/html/condensed/assets/plugins/bootstrap-daterangepicker/daterangepicker.js]
[pages.revox.io/dashboard/3.0.0/html/condensed/assets/plugins/bootstrap-timepicker/bootstrap-timepicker.min.js]
[pages.revox.io/dashboard/3.0.0/html/condensed/typeahead.js]
[pages.revox.io/dashboard/3.0.0/html/condensed/assets/plugins/bootstrap-typehead/typeahead.bundle.min.js]
[pages.revox.io/dashboard/3.0.0/html/condensed/assets/plugins/bootstrap-typehead/typeahead.jquery.min.js]
[pages.revox.io/dashboard/3.0.0/html/condensed/assets/plugins/handlebars/handlebars-v4.0.5.js]
[pages.revox.io/dashboard/3.0.0/html/condensed/assets/js/form_elements.js]
[pages.revox.io/dashboard/3.0.0/html/condensed/assets/js/form_layouts.js]
[pages.revox.io/dashboard/3.0.0/html/condensed/assets/js/form_wizard.js]
[pages.revox.io/dashboard/3.0.0/html/condensed/assets/js/card.js]
[pages.revox.io/dashboard/3.0.0/html/condensed/views_push_parallax.html]
[pages.revox.io/dashboard/3.0.0/html/condensed/views_push.html]
[pages.revox.io/dashboard/3.0.0/html/condensed/views_from_top.html]
[pages.revox.io/dashboard/3.0.0/html/condensed/assets/plugins/jquery-datatable/media/css/dataTables.bootstrap.min.css]
[pages.revox.io/dashboard/3.0.0/html/condensed/assets/plugins/jquery-datatable/extensions/FixedColumns/css/dataTables.fixedColumns.min.css]
[pages.revox.io/dashboard/3.0.0/html/condensed/pages/js/pages.js]
[pages.revox.io/dashboard/3.0.0/html/condensed/assets/plugins/datatables-responsive/img/plus.png]
[pages.revox.io/dashboard/3.0.0/html/condensed/assets/plugins/datatables-responsive/img/minus.png]
[pages.revox.io/dashboard/3.0.0/html/condensed/assets/plugins/datatables-responsive/css/datatables.responsive.css]
[pages.revox.io/dashboard/3.0.0/html/condensed/assets/plugins/jquery-datatable/media/js/jquery.dataTables.min.js]
[pages.revox.io/dashboard/3.0.0/html/condensed/assets/plugins/jquery-datatable/extensions/TableTools/js/dataTables.tableTools.min.js]
[pages.revox.io/dashboard/3.0.0/html/condensed/assets/plugins/jquery-datatable/media/js/dataTables.bootstrap.js]
[pages.revox.io/dashboard/3.0.0/html/condensed/assets/plugins/jquery-datatable/extensions/Bootstrap/jquery-datatable-bootstrap.js]
[pages.revox.io/dashboard/3.0.0/html/condensed/assets/plugins/datatables-responsive/js/datatables.responsive.js]
[pages.revox.io/dashboard/3.0.0/html/condensed/assets/plugins/datatables-responsive/js/lodash.min.js]
[pages.revox.io/dashboard/3.0.0/html/condensed/assets/js/tables.js]
[pages.revox.io/dashboard/3.0.0/html/condensed/assets/js/datatables.js]
[pages.revox.io/dashboard/3.0.0/html/condensed/assets/js/google_map.js]
[pages.revox.io/dashboard/3.0.0/html/condensed/assets/js/vector_map.js]
[pages.revox.io/dashboard/3.0.0/html/condensed/assets/js/charts.js]
[pages.revox.io/dashboard/3.0.0/html/condensed/assets/plugins/codrops-dialogFx/dialog.css]
[pages.revox.io/dashboard/3.0.0/html/condensed/assets/plugins/codrops-dialogFx/dialog-sandra.css]
[pages.revox.io/dashboard/3.0.0/html/condensed/assets/img/demo/new-york-city-buildings-sunrise-morning-hd-wallpaper.jpg]
[pages.revox.io/dashboard/3.0.0/html/condensed/assets/plugins/owl-carousel/assets/owl.video.play.png]
[pages.revox.io/dashboard/3.0.0/html/condensed/assets/plugins/owl-carousel/assets/owl.carousel.css]
[pages.revox.io/dashboard/3.0.0/html/condensed/assets/plugins/codrops-dialogFx/dialogFx.js]
[pages.revox.io/dashboard/3.0.0/html/condensed/assets/plugins/owl-carousel/owl.carousel.min.js]
[pages.revox.io/dashboard/3.0.0/html/condensed/assets/js/gallery.js]
[pages.revox.io/dashboard/3.0.0/html/condensed/assets/js/timeline.js]
[pages.revox.io/dashboard/3.0.0/html/condensed/You must include the utils.js file before tether.html]
[pages.revox.io/dashboard/3.0.0/html/condensed/index-2.html]
[pages.revox.io/dashboard/3.0.0/html/condensed/assets/img/gallery/2_2.jpg]
[pages.revox.io/dashboard/3.0.0/html/condensed/images/grey-plus.html]
[pages.revox.io/dashboard/3.0.0/html/condensed/images/grey-minus.html]
[pages.revox.io/dashboard/3.0.0/html/condensed/AppleWebKit/index.html]
[pages.revox.io/dashboard/3.0.0/html/condensed/Chrome/index.html]
[pages.revox.io/dashboard/3.0.0/html/condensed/Opera/index.html]
[pages.revox.io/dashboard/3.0.0/html/condensed/hpwos/index.html]
[pages.revox.io/dashboard/3.0.0/html/condensed/_.html]
[pages.revox.io/dashboard/3.0.0/html/condensed/assets/plugins/simple-line-icons/fonts/Simple-Line-Icons.svg]
[pages.revox.io/dashboard/3.0.0/html/condensed/lower.html]
[pages.revox.io/dashboard/3.0.0/html/condensed/upper.html]
[pages.revox.io/dashboard/3.0.0/html/condensed/component-emitter/index.html]
[pages.revox.io/dashboard/3.0.0/html/condensed/dropzone/index.html]
[pages.revox.io/dashboard/3.0.0/html/condensed/lib/dropzone.html]
[pages.revox.io/dashboard/3.0.0/html/condensed/dropzone/lib/dropzone.html]
[pages.revox.io/dashboard/3.0.0/html/condensed/dropzone/deps/emitter/index.html]
[pages.revox.io/dashboard/3.0.0/html/condensed/emitter/index.html]
[pages.revox.io/dashboard/3.0.0/html/condensed/typeahead.html]
[pages.revox.io/dashboard/3.0.0/html/condensed/pages/js/pages.js]
[pages.revox.io/dashboard/3.0.0/html/condensed/assets/plugins/owl-carousel/assets/owl.video.play.html]
